// Jest Snapshot v1, https://goo.gl/fbAQLP

exports[`<Portfolios /> should match snapshot 1`] = `
<div>
  <div>
    <section
      class="page-box hero is-primary is-fullheight has-background-light"
    >
      <div
        class="hero-body"
      >
        <div
          class="container"
        >
          <div
            class="columns is-centered"
          >
            <table
              class="table is-striped is-hoverable"
            >
              <thead>
                <tr>
                  <th>
                    Code
                  </th>
                  <th>
                    Name
                  </th>
                  <th>
                    Report
                  </th>
                  <th>
                    Base
                  </th>
                  <th>
                    Actions
                  </th>
                </tr>
              </thead>
              <tbody>
                <tr>
                  <td>
                    <a
                      href="/holdings/TEST"
                    >
                      TEST
                    </a>
                  </td>
                  <td>
                    Test Portfolio
                  </td>
                  <td>
                    â‚¬
                    EUR
                  </td>
                  <td>
                    $
                    USD
                  </td>
                  <td>
                    <a
                      class="fa fa-edit"
                      href="/portfolio/Kdf3jfUfSYqXV_S4Myc2wA"
                    />
                  </td>
                </tr>
              </tbody>
            </table>
          </div>
        </div>
      </div>
    </section>
  </div>
</div>
`;
