// Jest Snapshot v1, https://goo.gl/fbAQLP

exports[`<Transactions /> should match snapshot 1`] = `
<div>
  <div>
    <nav
      class="container"
    >
      <div
        class="page-title"
      >
        <div
          class="column page-title subtitle is-6"
        >
          Alphabet Inc - Ordinary Shares - Class C
          :
          NASDAQ
        </div>
      </div>
    </nav>
    <div
      class="page-box is-primary has-background-light"
    >
      <div
        class="container"
      >
        <table
          class="table is-striped is-hoverable"
        >
          <thead>
            <tr>
              <th>
                Type
              </th>
              <th>
                Currency
              </th>
              <th>
                Trade Date
              </th>
              <th
                align="right"
              >
                Quantity
              </th>
              <th
                align="right"
              >
                Price
              </th>
              <th
                align="right"
              >
                Amount
              </th>
              <th>
                Action
              </th>
            </tr>
          </thead>
          <tbody>
            <tr>
              <td>
                BUY
              </td>
              <td>
                USD
              </td>
              <td>
                2019-01-18
              </td>
              <td
                align="right"
              >
                <span>
                  2
                </span>
              </td>
              <td
                align="right"
              >
                <span>
                  1,080.00
                </span>
              </td>
              <td
                align="right"
              >
                <span>
                  2,160.01
                </span>
              </td>
              <td>
                <a
                  class="fa fa-edit"
                  href="/trns/SHEETS/0/68"
                />
                <span>
                   
                </span>
                <a
                  class="fa fa-remove has-padding-left-6"
                  href="/portfolio/delete/[object Object]"
                />
              </td>
            </tr>
          </tbody>
        </table>
      </div>
    </div>
  </div>
</div>
`;
